2026-09-29 07:54:42.011|INFO|InventoryKamera|Kamera initialized
2026-09-29 07:54:43.019|INFO|GenshinProcesor|Scraper initialized
2026-09-29 07:54:43.036|INFO|MainForm|Inventory Kamera version 1.3.17
2026-09-29 07:54:43.118|INFO|DatabaseManager|Checking for newer game data...
2026-09-29 07:54:43.290|INFO|DatabaseManager|Checking for newer game data...
2026-09-29 07:54:43.709|INFO|MainForm|Game data is up to date (7.1)
2026-09-29 07:54:43.835|INFO|MainForm|Current game data is up to date with data for 7.1
2026-09-29 07:54:59.622|INFO|MainForm|Starting scan
2026-09-29 07:54:59.622|INFO|MainForm|Hotkey registered
2026-09-29 07:54:59.622|INFO|MainForm|Scan settings: 
	Game Version Data:			 7.1
	Weapons:				 False
	Artifacts:				 True
	Characters:				 False
	Dev Items:				 True
	Materials:				 True
	Min Weapon Rarity:		 1
	Min Weapon Level:		 1
	Equip Weapons:			 True
	Min Artifact Rarity:	 1
	Min Artifact Level:		 0
	Equip Artifacts:		 True
	Delay:					 0
2026-09-29 07:54:59.764|INFO|InventoryKamera|Kamera initialized
2026-09-29 07:54:59.764|INFO|MainForm|Resolution: 1600x900
2026-09-29 07:55:08.509|INFO|InventoryKamera|Logging directory reset
2026-09-29 07:55:09.011|INFO|GenshinProcesor|Internally set traveler custom name to sunshine
2026-09-29 07:55:09.019|INFO|GenshinProcesor|Internally set wanderer custom name to zefiro
2026-09-29 07:55:09.019|INFO|GenshinProcesor|Internally set manekin custom name to bruce
2026-09-29 07:55:09.019|INFO|GenshinProcesor|Internally set manekina custom name to astra
2026-09-29 07:55:09.019|INFO|InventoryKamera|Scanning artifacts...
2026-09-29 07:55:14.175|WARN|InventoryScraper|Unable to locate full page of weapons with weight 0
2026-09-29 07:55:14.175|WARN|InventoryScraper|Detected 2 rows and 8 columns of items
2026-09-29 07:55:15.927|WARN|InventoryScraper|Unable to locate full page of weapons with weight 0,125
2026-09-29 07:55:15.927|WARN|InventoryScraper|Detected 2 rows and 8 columns of items
2026-09-29 07:55:17.825|WARN|InventoryScraper|Unable to locate full page of weapons with weight 0,25
2026-09-29 07:55:17.825|WARN|InventoryScraper|Detected 2 rows and 8 columns of items
2026-09-29 07:55:20.050|WARN|InventoryScraper|Unable to locate full page of weapons with weight 0,375
2026-09-29 07:55:20.050|WARN|InventoryScraper|Detected 2 rows and 8 columns of items
2026-09-29 07:55:22.358|WARN|InventoryScraper|Unable to locate full page of weapons with weight 0,5
2026-09-29 07:55:22.358|WARN|InventoryScraper|Detected 2 rows and 8 columns of items
2026-09-29 07:55:22.895|INFO|MainForm|Hotkey pressed
2026-09-29 07:55:23.151|INFO|MainForm|Hotkey removed
2026-09-29 07:55:56.951|INFO|MainForm|Starting scan
2026-09-29 07:55:56.951|INFO|MainForm|Hotkey registered
2026-09-29 07:55:56.951|INFO|MainForm|Scan settings: 
	Game Version Data:			 7.1
	Weapons:				 False
	Artifacts:				 True
	Characters:				 False
	Dev Items:				 True
	Materials:				 True
	Min Weapon Rarity:		 1
	Min Weapon Level:		 1
	Equip Weapons:			 True
	Min Artifact Rarity:	 1
	Min Artifact Level:		 0
	Equip Artifacts:		 True
	Delay:					 0
2026-09-29 07:55:57.006|INFO|InventoryKamera|Kamera initialized
2026-09-29 07:55:57.006|INFO|MainForm|Resolution: 1600x900
2026-09-29 07:55:57.006|INFO|InventoryKamera|Logging directory reset
2026-09-29 07:55:57.763|INFO|GenshinProcesor|Internally set traveler custom name to sunshine
2026-09-29 07:55:57.763|INFO|GenshinProcesor|Internally set wanderer custom name to zefiro
2026-09-29 07:55:57.763|INFO|GenshinProcesor|Internally set manekin custom name to bruce
2026-09-29 07:55:57.763|INFO|GenshinProcesor|Internally set manekina custom name to astra
2026-09-29 07:55:57.763|INFO|InventoryKamera|Scanning artifacts...
2026-09-29 07:56:02.737|INFO|UserInterface|Parsed 1967 artifacts to scan
2026-09-29 07:56:02.737|INFO|ArtifactScraper|Found 1967 for artifact count.
2026-09-29 07:56:13.340|ERROR|UserInterface|Unable to validate information for artifact ID#43
2026-09-29 07:56:13.340|ERROR|UserInterface|Invalid artifact level
Artifact ID: 43
Slot: circlet
Set: GoldenTroupe
Rarity: 5
Level: 24
Main Stat: critRate_
Substat 1: atk_ + 13,4%
Substat 2: critDMG_ + 7,8%
Substat 3: def + 19
Locked: False
Equipped character: Fischl

2026-09-29 07:56:22.217|ERROR|UserInterface|Unable to validate information for artifact ID#80
2026-09-29 07:56:22.217|ERROR|UserInterface|Invalid artifact level
Artifact ID: 80
Slot: goblet
Set: VermillionHereafter
Rarity: 5
Level: 24
Main Stat: anemo_dmg_
Substat 1: critRate_ + 9,3%
Substat 2: critDMG_ + 29,5%
Substat 3: atk + 19
Locked: False
Equipped character: Xiao

2026-09-29 07:56:23.549|ERROR|UserInterface|Unable to validate information for artifact ID#88
2026-09-29 07:56:23.552|ERROR|UserInterface|Invalid artifact level
Artifact ID: 88
Slot: plume
Set: EmblemOfSeveredFate
Rarity: 5
Level: 24
Main Stat: atk
Substat 1: critRate_ + 18,3%
Substat 2: critDMG_ + 5,4%
Substat 3: def + 42
Locked: False
Equipped character: Xingqiu

2026-09-29 07:56:35.879|ERROR|UserInterface|Unable to validate information for artifact ID#136
2026-09-29 07:56:35.879|ERROR|UserInterface|Invalid artifact level
Artifact ID: 136
Slot: sands
Set: NoblesseOblige
Rarity: 5
Level: 24
Main Stat: enerRech_
Substat 1: hp + 747
Substat 2: hp_ + 5,3%
Substat 3: critRate_ + 9,3%
Locked: False
Equipped character: Bennett

2026-09-29 07:56:36.196|ERROR|UserInterface|Unable to validate information for artifact ID#137
2026-09-29 07:56:36.196|ERROR|UserInterface|Invalid artifact level
Artifact ID: 137
Slot: goblet
Set: NoblesseOblige
Rarity: 5
Level: 24
Main Stat: hp_
Substat 1: hp + 747
Substat 2: enerRech_ + 6,5%
Substat 3: def + 16
Locked: False
Equipped character: Bennett

2026-09-29 07:56:41.959|ERROR|UserInterface|Unable to validate information for artifact ID#160
2026-09-29 07:56:41.959|ERROR|UserInterface|Invalid artifact level
Artifact ID: 160
Slot: flower
Set: EmblemOfSeveredFate
Rarity: 5
Level: 24
Main Stat: hp
Substat 1: critRate_ + 6,2%
Substat 2: critDMG_ + 7,8%
Substat 3: enerRech_ + 10,4%
Locked: False
Equipped character: Xingqiu

2026-09-29 08:01:38.197|ERROR|UserInterface|Unable to validate information for artifact ID#1407
2026-09-29 08:01:38.197|ERROR|UserInterface|Invalid artifact level
Artifact ID: 1407
Slot: sands
Set: ViridescentVenerer
Rarity: 5
Level: 24
Main Stat: eleMas
Substat 1: hp_ + 4,1%
Substat 2: enerRech_ + 5,2%
Substat 3: atk + 16
Locked: False
Equipped character: YumemizukiMizuki

2026-09-29 08:01:45.769|ERROR|UserInterface|Unable to validate information for artifact ID#1439
2026-09-29 08:01:45.769|ERROR|UserInterface|Invalid artifact level
Artifact ID: 1439
Slot: circlet
Set: ViridescentVenerer
Rarity: 5
Level: 24
Main Stat: eleMas
Substat 1: hp_ + 4,1%
Substat 2: enerRech_ + 5,8%
Substat 3: atk_ + 5,8%
Locked: False
Equipped character: YumemizukiMizuki

2026-09-29 08:03:52.590|INFO|ArtifactScraper|Stopping artifact scan based on scans queued (1967 of 1967)
2026-09-29 08:03:54.597|INFO|InventoryKamera|Done scanning artifacts
2026-09-29 08:03:54.831|INFO|InventoryKamera|Scanning character development materials...
2026-09-29 08:06:15.401|ERROR|UserInterface|Failed to parse quantity for TeachingsOfKindling
2026-09-29 08:06:17.090|ERROR|UserInterface|Failed to parse quantity for PhilosophiesOfMoonlight
2026-09-29 08:06:21.873|ERROR|UserInterface|Failed to parse quantity for PhilosophiesOfFortitude
2026-09-29 08:06:33.085|ERROR|UserInterface|Failed to parse quantity for MistVeiledGoldElixir
2026-09-29 08:06:34.233|ERROR|UserInterface|Failed to parse quantity for BitOfAerosiderite
2026-09-29 08:07:02.386|INFO|InventoryKamera|Done scanning character development materials
2026-09-29 08:07:02.386|INFO|InventoryKamera|Scanning materials...
2026-09-29 08:08:49.372|INFO|InventoryKamera|Done scanning materials
2026-09-29 08:08:49.387|INFO|MainForm|Data converted to GOOD
2026-09-29 08:08:49.429|INFO|MainForm|Exported data
2026-09-29 08:08:56.352|INFO|MainForm|Hotkey removed
