2026-09-29 01:19:49.406|INFO|InventoryKamera|Kamera initialized
2026-09-29 01:19:50.415|INFO|GenshinProcesor|Scraper initialized
2026-09-29 01:19:50.432|INFO|MainForm|Inventory Kamera version 1.3.17
2026-09-29 01:19:50.531|INFO|DatabaseManager|Checking for newer game data...
2026-09-29 01:19:50.722|INFO|DatabaseManager|Checking for newer game data...
2026-09-29 01:19:51.090|INFO|MainForm|Game data is up to date (7.1)
2026-09-29 01:19:51.090|INFO|MainForm|Current game data is up to date with data for 7.1
2026-09-29 01:20:04.536|INFO|MainForm|Starting scan
2026-09-29 01:20:04.536|INFO|MainForm|Hotkey registered
2026-09-29 01:20:04.536|INFO|MainForm|Scan settings: 
	Game Version Data:			 7.1
	Weapons:				 True
	Artifacts:				 True
	Characters:				 True
	Dev Items:				 True
	Materials:				 True
	Min Weapon Rarity:		 1
	Min Weapon Level:		 1
	Equip Weapons:			 True
	Min Artifact Rarity:	 1
	Min Artifact Level:		 0
	Equip Artifacts:		 True
	Delay:					 0
2026-09-29 01:20:04.553|DEBUG|Navigation|Checking for GenshinImpact.exe
2026-09-29 01:20:04.553|DEBUG|Navigation|Found GenshinImpact.exe
2026-09-29 01:20:04.553|DEBUG|Navigation|Window location (1600x900): x=160, y=101
2026-09-29 01:20:04.601|INFO|InventoryKamera|Kamera initialized
2026-09-29 01:20:04.601|INFO|MainForm|Resolution: 1600x900
2026-09-29 01:20:05.559|INFO|InventoryKamera|Logging directory reset
2026-09-29 01:20:05.581|DEBUG|InventoryKamera|Added 3 workers
2026-09-29 01:20:05.581|DEBUG|InventoryKamera|Thread #14 priority: Normal
2026-09-29 01:20:05.581|DEBUG|InventoryKamera|Thread #16 priority: Normal
2026-09-29 01:20:05.581|DEBUG|InventoryKamera|Thread #15 priority: Normal
2026-09-29 01:20:06.066|DEBUG|GenshinProcesor|8 Engines restarted
2026-09-29 01:20:06.066|INFO|GenshinProcesor|Internally set traveler custom name to sunshine
2026-09-29 01:20:06.066|INFO|GenshinProcesor|Internally set wanderer custom name to zefiro
2026-09-29 01:20:06.066|INFO|GenshinProcesor|Internally set manekin custom name to bruce
2026-09-29 01:20:06.066|INFO|GenshinProcesor|Internally set manekina custom name to astra
2026-09-29 01:20:06.066|INFO|InventoryKamera|Scanning weapons...
2026-09-29 01:20:11.205|INFO|UserInterface|Parsed 273 weapons to scan
2026-09-29 01:20:11.205|INFO|WeaponScraper|Found 273 for weapon count.
2026-09-29 01:20:11.205|DEBUG|WeaponScraper|Sorting by quality to optimize scan time.
2026-09-29 01:20:11.232|DEBUG|WeaponScraper|Inventory is sorted by quality
2026-09-29 01:20:11.232|DEBUG|WeaponScraper|Scanning weapon page 0
2026-09-29 01:20:11.232|DEBUG|WeaponScraper|Located 40 possible item locations on page.
2026-09-29 01:20:18.497|DEBUG|WeaponScraper|Finished queuing page of weapons. Scrolling...
2026-09-29 01:20:20.881|DEBUG|WeaponScraper|Scanning weapon page 1
2026-09-29 01:20:20.881|DEBUG|WeaponScraper|Located 40 possible item locations on page.
2026-09-29 01:20:27.713|DEBUG|WeaponScraper|Finished queuing page of weapons. Scrolling...
2026-09-29 01:20:29.899|DEBUG|WeaponScraper|Scanning weapon page 2
2026-09-29 01:20:29.899|DEBUG|WeaponScraper|Located 40 possible item locations on page.
2026-09-29 01:20:36.758|DEBUG|WeaponScraper|Finished queuing page of weapons. Scrolling...
2026-09-29 01:20:39.377|DEBUG|WeaponScraper|Scanning weapon page 3
2026-09-29 01:20:39.377|DEBUG|WeaponScraper|Located 40 possible item locations on page.
2026-09-29 01:20:46.427|DEBUG|WeaponScraper|Finished queuing page of weapons. Scrolling...
2026-09-29 01:20:49.038|DEBUG|WeaponScraper|Scanning weapon page 4
2026-09-29 01:20:49.038|DEBUG|WeaponScraper|Located 40 possible item locations on page.
2026-09-29 01:20:55.873|DEBUG|WeaponScraper|Finished queuing page of weapons. Scrolling...
2026-09-29 01:20:58.098|DEBUG|WeaponScraper|Scanning weapon page 5
2026-09-29 01:20:58.098|DEBUG|WeaponScraper|Located 40 possible item locations on page.
2026-09-29 01:21:04.808|DEBUG|WeaponScraper|Finished queuing page of weapons. Scrolling...
2026-09-29 01:21:07.418|DEBUG|WeaponScraper|Scanning weapon page 6
2026-09-29 01:21:07.418|DEBUG|WeaponScraper|Located 40 possible item locations on page.
2026-09-29 01:21:13.399|INFO|WeaponScraper|Stopping weapon scan based on scans queued (273 of 273)
2026-09-29 01:21:15.418|INFO|InventoryKamera|Done scanning weapons
2026-09-29 01:21:15.418|INFO|InventoryKamera|Scanning artifacts...
2026-09-29 01:21:20.335|INFO|UserInterface|Parsed 1967 artifacts to scan
2026-09-29 01:21:20.335|INFO|ArtifactScraper|Found 1967 for artifact count.
2026-09-29 01:21:20.393|DEBUG|ArtifactScraper|Scanning artifact page 1
2026-09-29 01:21:20.393|DEBUG|ArtifactScraper|Located 32 possible item locations on page.
2026-09-29 01:21:20.895|DEBUG|ArtifactScraper|Parsing artifact substat: atk+35
2026-09-29 01:21:20.895|DEBUG|ArtifactScraper|Parsing artifact substat: atk+8.7%
2026-09-29 01:21:20.895|DEBUG|ArtifactScraper|Parsing artifact substat: critrate+8.9%
2026-09-29 01:21:20.895|DEBUG|ArtifactScraper|Parsing artifact substat: def+23
2026-09-29 01:21:20.994|DEBUG|ArtifactScraper|Parsing artifact substat: critdmg+28.8%
2026-09-29 01:21:20.994|DEBUG|ArtifactScraper|Parsing artifact substat: critrate+2.7%
2026-09-29 01:21:20.994|DEBUG|ArtifactScraper|Parsing artifact substat: atk+5.8%
2026-09-29 01:21:20.994|DEBUG|ArtifactScraper|Parsing artifact substat: def+46
2026-09-29 01:21:21.191|DEBUG|ArtifactScraper|Parsing artifact substat: energyrecharge+18.1%
2026-09-29 01:21:21.191|DEBUG|ArtifactScraper|Parsing artifact substat: def+16
2026-09-29 01:21:21.191|DEBUG|ArtifactScraper|Parsing artifact substat: def+14.6%
2026-09-29 01:21:21.191|DEBUG|ArtifactScraper|Parsing artifact substat: hp+657
2026-09-29 01:21:21.303|DEBUG|ArtifactScraper|Parsing artifact substat: hp+299
2026-09-29 01:21:21.303|DEBUG|ArtifactScraper|Parsing artifact substat: hp+4.7%
2026-09-29 01:21:21.303|DEBUG|ArtifactScraper|Parsing artifact substat: atk+45
2026-09-29 01:21:21.303|DEBUG|ArtifactScraper|Parsing artifact substat: def+19.0%
2026-09-29 01:21:21.489|DEBUG|ArtifactScraper|Parsing artifact substat: elementalmastery+19
2026-09-29 01:21:21.489|DEBUG|ArtifactScraper|Parsing artifact substat: critrate+10.9%
2026-09-29 01:21:21.489|DEBUG|ArtifactScraper|Parsing artifact substat: hp+5.3%
2026-09-29 01:21:21.489|DEBUG|ArtifactScraper|Parsing artifact substat: hp+777
2026-09-29 01:21:21.778|DEBUG|ArtifactScraper|Parsing artifact substat: atk+13.4%
2026-09-29 01:21:21.778|DEBUG|ArtifactScraper|Parsing artifact substat: def+49
2026-09-29 01:21:21.778|DEBUG|ArtifactScraper|Parsing artifact substat: critdmg+7.0%
2026-09-29 01:21:21.778|DEBUG|ArtifactScraper|Parsing artifact substat: energyrecharge+5.8%
2026-09-29 01:21:21.879|DEBUG|ArtifactScraper|Parsing artifact substat: critdmg+18.7%
2026-09-29 01:21:21.879|DEBUG|ArtifactScraper|Parsing artifact substat: hp+448
2026-09-29 01:21:21.879|DEBUG|ArtifactScraper|Parsing artifact substat: critrate+3.9%
2026-09-29 01:21:21.879|DEBUG|ArtifactScraper|Parsing artifact substat: atk+9.3%
2026-09-29 01:21:22.089|DEBUG|ArtifactScraper|Parsing artifact substat: def+10.9%
2026-09-29 01:21:22.089|DEBUG|ArtifactScraper|Parsing artifact substat: elementalmastery+23
2026-09-29 01:21:22.089|DEBUG|ArtifactScraper|Parsing artifact substat: hp+21.0%
2026-09-29 01:21:22.089|DEBUG|ArtifactScraper|Parsing artifact substat: def+39
2026-09-29 01:21:22.224|DEBUG|ArtifactScraper|Parsing artifact substat: atk+64
2026-09-29 01:21:22.224|DEBUG|ArtifactScraper|Parsing artifact substat: def+21
2026-09-29 01:21:22.224|DEBUG|ArtifactScraper|Parsing artifact substat: elementalmastery+44
2026-09-29 01:21:22.224|DEBUG|ArtifactScraper|Parsing artifact substat: hp+598
2026-09-29 01:21:22.386|DEBUG|ArtifactScraper|Parsing artifact substat: hp+777
2026-09-29 01:21:22.386|DEBUG|ArtifactScraper|Parsing artifact substat: critdmg+14.0%
2026-09-29 01:21:22.386|DEBUG|ArtifactScraper|Parsing artifact substat: atk+4.1%
2026-09-29 01:21:22.386|DEBUG|ArtifactScraper|Parsing artifact substat: def+13.1%
2026-09-29 01:21:22.617|DEBUG|ArtifactScraper|Parsing artifact substat: hp+11.7%
2026-09-29 01:21:22.617|DEBUG|ArtifactScraper|Parsing artifact substat: elementalmastery+35
2026-09-29 01:21:22.617|DEBUG|ArtifactScraper|Parsing artifact substat: def+13.1%
2026-09-29 01:21:22.617|DEBUG|ArtifactScraper|Parsing artifact substat: def+37
2026-09-29 01:21:22.810|DEBUG|ArtifactScraper|Parsing artifact substat: hp+9.9%
2026-09-29 01:21:22.810|DEBUG|ArtifactScraper|Parsing artifact substat: def+44
2026-09-29 01:21:22.810|DEBUG|ArtifactScraper|Parsing artifact substat: def+20.4%
2026-09-29 01:21:22.810|DEBUG|ArtifactScraper|Parsing artifact substat: elementalmastery+37
2026-09-29 01:21:23.019|DEBUG|ArtifactScraper|Parsing artifact substat: atk+5.3%
2026-09-29 01:21:23.019|DEBUG|ArtifactScraper|Parsing artifact substat: def+60
2026-09-29 01:21:23.019|DEBUG|ArtifactScraper|Parsing artifact substat: hp+14.0%
2026-09-29 01:21:23.019|DEBUG|ArtifactScraper|Parsing artifact substat: energyrecharge+5.2%
2026-09-29 01:21:23.237|DEBUG|ArtifactScraper|Parsing artifact substat: hp+4.1%
2026-09-29 01:21:23.237|DEBUG|ArtifactScraper|Parsing artifact substat: def+39
2026-09-29 01:21:23.237|DEBUG|ArtifactScraper|Parsing artifact substat: energyrecharge+16.8%
2026-09-29 01:21:23.237|DEBUG|ArtifactScraper|Parsing artifact substat: hp+508
2026-09-29 01:21:23.298|DEBUG|ArtifactScraper|Parsing artifact substat: def+37
2026-09-29 01:21:23.298|DEBUG|ArtifactScraper|Parsing artifact substat: hp+866
2026-09-29 01:21:23.298|DEBUG|ArtifactScraper|Parsing artifact substat: energyrecharge+5.2%
2026-09-29 01:21:23.298|DEBUG|ArtifactScraper|Parsing artifact substat: hp+9.9%
2026-09-29 01:21:23.656|DEBUG|ArtifactScraper|Parsing artifact substat: critrate+3.5%
2026-09-29 01:21:23.656|DEBUG|ArtifactScraper|Parsing artifact substat: atk+33
2026-09-29 01:21:23.656|DEBUG|ArtifactScraper|Parsing artifact substat: hp+8.7%
2026-09-29 01:21:23.656|DEBUG|ArtifactScraper|Parsing artifact substat: critdmg+20.2%
2026-09-29 01:21:23.751|DEBUG|ArtifactScraper|Parsing artifact substat: energyrecharge+10.4%
2026-09-29 01:21:23.751|DEBUG|ArtifactScraper|Parsing artifact substat: critdmg+10.9%
2026-09-29 01:21:23.751|DEBUG|ArtifactScraper|Parsing artifact substat: hp+926
2026-09-29 01:21:23.751|DEBUG|ArtifactScraper|Parsing artifact substat: elementalmastery+23
2026-09-29 01:21:24.008|DEBUG|ArtifactScraper|Parsing artifact substat: def+16
2026-09-29 01:21:24.008|DEBUG|ArtifactScraper|Parsing artifact substat: atk+15.7%
2026-09-29 01:21:24.008|DEBUG|ArtifactScraper|Parsing artifact substat: energyrecharge+13.0%
2026-09-29 01:21:24.008|DEBUG|ArtifactScraper|Parsing artifact substat: hp+9.9%
2026-09-29 01:21:24.112|DEBUG|ArtifactScraper|Parsing artifact substat: elementalmastery+37
2026-09-29 01:21:24.112|DEBUG|ArtifactScraper|Parsing artifact substat: atk+54
2026-09-29 01:21:24.112|DEBUG|ArtifactScraper|Parsing artifact substat: def+44
2026-09-29 01:21:24.112|DEBUG|ArtifactScraper|Parsing artifact substat: atk+11.7%
2026-09-29 01:21:24.231|DEBUG|ArtifactScraper|Parsing artifact substat: critrate+5.8%
2026-09-29 01:21:24.231|DEBUG|ArtifactScraper|Parsing artifact substat: atk+12.8%
2026-09-29 01:21:24.231|DEBUG|ArtifactScraper|Parsing artifact substat: atk+33
2026-09-29 01:21:24.231|DEBUG|ArtifactScraper|Parsing artifact substat: def+6.6%
2026-09-29 01:21:24.426|DEBUG|ArtifactScraper|Parsing artifact substat: elementalmastery+23
2026-09-29 01:21:24.426|DEBUG|ArtifactScraper|Parsing artifact substat: hp+19.8%
2026-09-29 01:21:24.426|DEBUG|ArtifactScraper|Parsing artifact substat: hp+598
2026-09-29 01:21:24.426|DEBUG|ArtifactScraper|Parsing artifact substat: atk+5.8%
2026-09-29 01:21:24.591|DEBUG|ArtifactScraper|Parsing artifact substat: hp+299
2026-09-29 01:21:24.591|DEBUG|ArtifactScraper|Parsing artifact substat: critrate+7.0%
2026-09-29 01:21:24.591|DEBUG|ArtifactScraper|Parsing artifact substat: atk+21.0%
2026-09-29 01:21:24.591|DEBUG|ArtifactScraper|Parsing artifact substat: def+23
2026-09-29 01:21:24.755|DEBUG|ArtifactScraper|Parsing artifact substat: energyrecharge+13.0%
2026-09-29 01:21:24.755|DEBUG|ArtifactScraper|Parsing artifact substat: atk+35
2026-09-29 01:21:24.755|DEBUG|ArtifactScraper|Parsing artifact substat: critdmg+14.0%
2026-09-29 01:21:24.755|DEBUG|ArtifactScraper|Parsing artifact substat: hp+9.9%
2026-09-29 01:21:24.939|DEBUG|ArtifactScraper|Parsing artifact substat: critdmg+7.8%
2026-09-29 01:21:24.939|DEBUG|ArtifactScraper|Parsing artifact substat: hp+16.9%
2026-09-29 01:21:24.939|DEBUG|ArtifactScraper|Parsing artifact substat: critrate+3.1%
2026-09-29 01:21:24.939|DEBUG|ArtifactScraper|Parsing artifact substat: atk+14.0%
2026-09-29 01:21:25.067|DEBUG|ArtifactScraper|Parsing artifact substat: elementalmastery+19
2026-09-29 01:21:25.067|DEBUG|ArtifactScraper|Parsing artifact substat: critrate+6.6%
2026-09-29 01:21:25.067|DEBUG|ArtifactScraper|Parsing artifact substat: atk+5.3%
2026-09-29 01:21:25.067|DEBUG|ArtifactScraper|Parsing artifact substat: def+27.0%
2026-09-29 01:21:25.280|DEBUG|ArtifactScraper|Parsing artifact substat: critrate+8.9%
2026-09-29 01:21:25.280|DEBUG|ArtifactScraper|Parsing artifact substat: def+5.8%
2026-09-29 01:21:25.280|DEBUG|ArtifactScraper|Parsing artifact substat: def+42
2026-09-29 01:21:25.280|DEBUG|ArtifactScraper|Parsing artifact substat: atk+35
2026-09-29 01:21:25.367|DEBUG|ArtifactScraper|Parsing artifact substat: hp+747
2026-09-29 01:21:25.367|DEBUG|ArtifactScraper|Parsing artifact substat: def+13.9%
2026-09-29 01:21:25.367|DEBUG|ArtifactScraper|Parsing artifact substat: critdmg+7.8%
2026-09-29 01:21:25.367|DEBUG|ArtifactScraper|Parsing artifact substat: elementalmastery+40
2026-09-29 01:21:25.614|DEBUG|ArtifactScraper|Parsing artifact substat: energyrecharge+14.2%
2026-09-29 01:21:25.614|DEBUG|ArtifactScraper|Parsing artifact substat: atk+10.5%
2026-09-29 01:21:25.614|DEBUG|ArtifactScraper|Parsing artifact substat: atk+18
2026-09-29 01:21:25.614|DEBUG|ArtifactScraper|Parsing artifact substat: def+46
2026-09-29 01:21:25.703|DEBUG|ArtifactScraper|Parsing artifact substat: critdmg+5.4%
2026-09-29 01:21:25.703|DEBUG|ArtifactScraper|Parsing artifact substat: atk+51
2026-09-29 01:21:25.703|DEBUG|ArtifactScraper|Parsing artifact substat: def+58
2026-09-29 01:21:25.703|DEBUG|ArtifactScraper|Parsing artifact substat: energyrecharge+10.4%
2026-09-29 01:21:25.895|DEBUG|ArtifactScraper|Finished queuing page of artifacts. Scrolling...
2026-09-29 01:21:25.944|DEBUG|ArtifactScraper|Parsing artifact substat: critdmg+27.2%
2026-09-29 01:21:25.944|DEBUG|ArtifactScraper|Parsing artifact substat: elementalmastery+23
2026-09-29 01:21:25.944|DEBUG|ArtifactScraper|Parsing artifact substat: critrate+7.4%
2026-09-29 01:21:25.944|DEBUG|ArtifactScraper|Parsing artifact substat: def+5.8%
2026-09-29 01:21:26.056|DEBUG|ArtifactScraper|Parsing artifact substat: atk+14
2026-09-29 01:21:26.056|DEBUG|ArtifactScraper|Parsing artifact substat: atk+5.3%
2026-09-29 01:21:26.056|DEBUG|ArtifactScraper|Parsing artifact substat: hp+687
2026-09-29 01:21:26.056|DEBUG|ArtifactScraper|Parsing artifact substat: critrate+8.6%
2026-09-29 01:21:26.212|DEBUG|ArtifactScraper|Parsing artifact substat: elementalmastery+21
2026-09-29 01:21:26.212|DEBUG|ArtifactScraper|Parsing artifact substat: atk+58
2026-09-29 01:21:26.212|DEBUG|ArtifactScraper|Parsing artifact substat: energyrecharge+11.7%
2026-09-29 01:21:26.212|DEBUG|ArtifactScraper|Parsing artifact substat: def+5.8%
2026-09-29 01:21:27.958|DEBUG|ArtifactScraper|Scanning artifact page 2
2026-09-29 01:21:27.958|DEBUG|ArtifactScraper|Located 32 possible item locations on page.
2026-09-29 01:21:28.440|DEBUG|ArtifactScraper|Parsing artifact substat: def+46
2026-09-29 01:21:28.440|DEBUG|ArtifactScraper|Parsing artifact substat: atk+5.3%
2026-09-29 01:21:28.440|DEBUG|ArtifactScraper|Parsing artifact substat: critdmg+28.8%
2026-09-29 01:21:28.440|DEBUG|ArtifactScraper|Parsing artifact substat: hp+299
2026-09-29 01:21:28.571|DEBUG|ArtifactScraper|Parsing artifact substat: critrate+2.7%
2026-09-29 01:21:28.571|DEBUG|ArtifactScraper|Parsing artifact substat: energyrecharge+6.5%
2026-09-29 01:21:28.571|DEBUG|ArtifactScraper|Parsing artifact substat: critdmg+20.2%
2026-09-29 01:21:28.571|DEBUG|ArtifactScraper|Parsing artifact substat: atk+16.9%
2026-09-29 01:21:28.768|DEBUG|ArtifactScraper|Parsing artifact substat: def+32
2026-09-29 01:21:28.768|DEBUG|ArtifactScraper|Parsing artifact substat: energyrecharge+17.5%
2026-09-29 01:21:28.768|DEBUG|ArtifactScraper|Parsing artifact substat: critrate+6.6%
2026-09-29 01:21:28.768|DEBUG|ArtifactScraper|Parsing artifact substat: atk+18
2026-09-29 01:21:28.860|DEBUG|ArtifactScraper|Parsing artifact substat: atk+4.1%
2026-09-29 01:21:28.860|DEBUG|ArtifactScraper|Parsing artifact substat: hp+10.5%
2026-09-29 01:21:28.860|DEBUG|ArtifactScraper|Parsing artifact substat: atk+54
2026-09-29 01:21:28.860|DEBUG|ArtifactScraper|Parsing artifact substat: elementalmastery+42
2026-09-29 01:21:29.110|DEBUG|ArtifactScraper|Parsing artifact substat: critdmg+12.4%
2026-09-29 01:21:29.110|DEBUG|ArtifactScraper|Parsing artifact substat: critrate+12.4%
2026-09-29 01:21:29.110|DEBUG|ArtifactScraper|Parsing artifact substat: def+11.7%
2026-09-29 01:21:29.110|DEBUG|ArtifactScraper|Parsing artifact substat: hp+269
2026-09-29 01:21:29.214|DEBUG|ArtifactScraper|Parsing artifact substat: energyrecharge+4.5%
2026-09-29 01:21:29.214|DEBUG|ArtifactScraper|Parsing artifact substat: def+28.4%
2026-09-29 01:21:29.214|DEBUG|ArtifactScraper|Parsing artifact substat: hp+239
2026-09-29 01:21:29.214|DEBUG|ArtifactScraper|Parsing artifact substat: atk+4.7%
2026-09-29 01:21:29.411|DEBUG|ArtifactScraper|Parsing artifact substat: critdmg+17.1%
2026-09-29 01:21:29.411|DEBUG|ArtifactScraper|Parsing artifact substat: def+19.0%
2026-09-29 01:21:29.411|DEBUG|ArtifactScraper|Parsing artifact substat: hp+209
2026-09-29 01:21:29.411|DEBUG|ArtifactScraper|Parsing artifact substat: hp+8.7%
2026-09-29 01:21:29.528|DEBUG|ArtifactScraper|Parsing artifact substat: def+21
2026-09-29 01:21:29.528|DEBUG|ArtifactScraper|Parsing artifact substat: atk+16.3%
2026-09-29 01:21:29.528|DEBUG|ArtifactScraper|Parsing artifact substat: atk+33
2026-09-29 01:21:29.528|DEBUG|ArtifactScraper|Parsing artifact substat: hp+10.5%
2026-09-29 01:21:29.715|DEBUG|ArtifactScraper|Parsing artifact substat: def+58
2026-09-29 01:21:29.715|DEBUG|ArtifactScraper|Parsing artifact substat: atk+9.9%
2026-09-29 01:21:29.715|DEBUG|ArtifactScraper|Parsing artifact substat: hp+747
2026-09-29 01:21:29.715|DEBUG|ArtifactScraper|Parsing artifact substat: elementalmastery+23
2026-09-29 01:21:29.879|DEBUG|ArtifactScraper|Parsing artifact substat: critrate+10.1%
2026-09-29 01:21:29.879|DEBUG|ArtifactScraper|Parsing artifact substat: def+42
2026-09-29 01:21:29.879|DEBUG|ArtifactScraper|Parsing artifact substat: energyrecharge+11.0%
2026-09-29 01:21:29.879|DEBUG|ArtifactScraper|Parsing artifact substat: hp+4.7%
2026-09-29 01:21:30.069|DEBUG|ArtifactScraper|Parsing artifact substat: atk+53
2026-09-29 01:21:30.069|DEBUG|ArtifactScraper|Parsing artifact substat: elementalmastery+40
2026-09-29 01:21:30.069|DEBUG|ArtifactScraper|Parsing artifact substat: def+11.7%
2026-09-29 01:21:30.069|DEBUG|ArtifactScraper|Parsing artifact substat: energyrecharge+5.2%
2026-09-29 01:21:30.206|DEBUG|ArtifactScraper|Parsing artifact substat: atk+13.4%
2026-09-29 01:21:30.443|DEBUG|ArtifactScraper|Parsing artifact substat: atk+19
2026-09-29 01:21:30.443|DEBUG|ArtifactScraper|Parsing artifact substat: elementalmastery+42
2026-09-29 01:21:30.443|DEBUG|ArtifactScraper|Parsing artifact substat: energyrecharge+17.5%
2026-09-29 01:21:30.443|DEBUG|ArtifactScraper|Parsing artifact substat: atk+10.5%
