2026-09-29 01:10:38.373|INFO|InventoryKamera|Kamera initialized
2026-09-29 01:10:39.263|INFO|GenshinProcesor|Scraper initialized
2026-09-29 01:10:39.281|INFO|MainForm|Inventory Kamera version 1.3.17
2026-09-29 01:10:39.370|INFO|DatabaseManager|Checking for newer game data...
2026-09-29 01:10:39.550|INFO|DatabaseManager|Checking for newer game data...
2026-09-29 01:10:39.892|INFO|MainForm|Game data is up to date (7.1)
2026-09-29 01:10:39.892|INFO|MainForm|Current game data is up to date with data for 7.1
2026-09-29 01:10:42.856|INFO|MainForm|Starting scan
2026-09-29 01:10:42.861|INFO|MainForm|Hotkey registered
2026-09-29 01:10:42.861|INFO|MainForm|Scan settings: 
	Game Version Data:			 7.1
	Weapons:				 True
	Artifacts:				 True
	Characters:				 True
	Dev Items:				 True
	Materials:				 True
	Min Weapon Rarity:		 1
	Min Weapon Level:		 1
	Equip Weapons:			 True
	Min Artifact Rarity:	 1
	Min Artifact Level:		 0
	Equip Artifacts:		 True
	Delay:					 0
2026-09-29 01:10:42.971|INFO|InventoryKamera|Kamera initialized
2026-09-29 01:10:42.971|INFO|MainForm|Resolution: 1600x900
2026-09-29 01:10:44.198|INFO|InventoryKamera|Logging directory reset
2026-09-29 01:10:44.694|INFO|GenshinProcesor|Internally set traveler custom name to sunshine
2026-09-29 01:10:44.694|INFO|GenshinProcesor|Internally set wanderer custom name to zefiro
2026-09-29 01:10:44.694|INFO|GenshinProcesor|Internally set manekin custom name to bruce
2026-09-29 01:10:44.694|INFO|GenshinProcesor|Internally set manekina custom name to astra
2026-09-29 01:10:44.694|INFO|InventoryKamera|Scanning weapons...
2026-09-29 01:10:49.881|INFO|UserInterface|Parsed 273 weapons to scan
2026-09-29 01:10:49.881|INFO|WeaponScraper|Found 273 for weapon count.
2026-09-29 01:11:53.526|INFO|WeaponScraper|Stopping weapon scan based on scans queued (273 of 273)
2026-09-29 01:11:55.541|INFO|InventoryKamera|Done scanning weapons
2026-09-29 01:11:55.541|INFO|InventoryKamera|Scanning artifacts...
2026-09-29 01:12:00.635|INFO|UserInterface|Parsed 1967 artifacts to scan
2026-09-29 01:12:00.635|INFO|ArtifactScraper|Found 1967 for artifact count.
