2026-09-29 01:02:26.020|INFO|InventoryKamera|Kamera initialized
2026-09-29 01:02:28.115|INFO|GenshinProcesor|Scraper initialized
2026-09-29 01:02:28.171|INFO|MainForm|Inventory Kamera version 1.3.17
2026-09-29 01:02:28.380|INFO|DatabaseManager|Checking for newer game data...
2026-09-29 01:02:28.698|INFO|DatabaseManager|Checking for newer game data...
2026-09-29 01:02:29.110|INFO|MainForm|Current game data is up to date with data for 7.1
2026-09-29 01:02:29.110|INFO|MainForm|Game data is up to date (7.1)
2026-09-29 01:08:10.621|INFO|MainForm|Starting scan
2026-09-29 01:08:10.627|INFO|MainForm|Hotkey registered
2026-09-29 01:08:10.627|INFO|MainForm|Scan settings: 
	Game Version Data:			 7.1
	Weapons:				 True
	Artifacts:				 True
	Characters:				 True
	Dev Items:				 True
	Materials:				 True
	Min Weapon Rarity:		 1
	Min Weapon Level:		 1
	Equip Weapons:			 True
	Min Artifact Rarity:	 1
	Min Artifact Level:		 0
	Equip Artifacts:		 True
	Delay:					 0
2026-09-29 01:08:10.748|INFO|InventoryKamera|Kamera initialized
2026-09-29 01:08:10.748|INFO|MainForm|Resolution: 1600x900
2026-09-29 01:08:15.183|INFO|InventoryKamera|Logging directory reset
2026-09-29 01:08:15.901|INFO|GenshinProcesor|Internally set traveler custom name to sunshine
2026-09-29 01:08:15.909|INFO|GenshinProcesor|Internally set wanderer custom name to zefiro
2026-09-29 01:08:15.909|INFO|GenshinProcesor|Internally set manekin custom name to bruce
2026-09-29 01:08:15.909|INFO|GenshinProcesor|Internally set manekina custom name to astra
2026-09-29 01:08:15.909|INFO|InventoryKamera|Scanning weapons...
2026-09-29 01:08:21.165|INFO|UserInterface|Parsed 273 weapons to scan
2026-09-29 01:08:21.165|INFO|WeaponScraper|Found 273 for weapon count.
2026-09-29 01:09:24.092|INFO|WeaponScraper|Stopping weapon scan based on scans queued (273 of 273)
2026-09-29 01:09:26.122|INFO|InventoryKamera|Done scanning weapons
2026-09-29 01:09:26.122|INFO|InventoryKamera|Scanning artifacts...
2026-09-29 01:09:31.373|INFO|UserInterface|Parsed 1967 artifacts to scan
2026-09-29 01:09:31.373|INFO|ArtifactScraper|Found 1967 for artifact count.
