2026-09-29 01:10:38.373|INFO|InventoryKamera|Kamera initialized
2026-09-29 01:10:39.263|INFO|GenshinProcesor|Scraper initialized
2026-09-29 01:10:39.281|INFO|MainForm|Inventory Kamera version 1.3.17
2026-09-29 01:10:39.370|INFO|DatabaseManager|Checking for newer game data...
2026-09-29 01:10:39.550|INFO|DatabaseManager|Checking for newer game data...
2026-09-29 01:10:39.892|INFO|MainForm|Game data is up to date (7.1)
2026-09-29 01:10:39.892|INFO|MainForm|Current game data is up to date with data for 7.1
2026-09-29 01:10:42.856|INFO|MainForm|Starting scan
2026-09-29 01:10:42.861|INFO|MainForm|Hotkey registered
2026-09-29 01:10:42.861|INFO|MainForm|Scan settings: 
	Game Version Data:			 7.1
	Weapons:				 True
	Artifacts:				 True
	Characters:				 True
	Dev Items:				 True
	Materials:				 True
	Min Weapon Rarity:		 1
	Min Weapon Level:		 1
	Equip Weapons:			 True
	Min Artifact Rarity:	 1
	Min Artifact Level:		 0
	Equip Artifacts:		 True
	Delay:					 0
2026-09-29 01:10:42.881|DEBUG|Navigation|Checking for GenshinImpact.exe
2026-09-29 01:10:42.881|DEBUG|Navigation|Found GenshinImpact.exe
2026-09-29 01:10:42.881|DEBUG|Navigation|Window location (1600x900): x=160, y=101
2026-09-29 01:10:42.971|INFO|InventoryKamera|Kamera initialized
2026-09-29 01:10:42.971|INFO|MainForm|Resolution: 1600x900
2026-09-29 01:10:44.198|INFO|InventoryKamera|Logging directory reset
2026-09-29 01:10:44.217|DEBUG|InventoryKamera|Added 3 workers
2026-09-29 01:10:44.225|DEBUG|InventoryKamera|Thread #14 priority: Normal
2026-09-29 01:10:44.225|DEBUG|InventoryKamera|Thread #16 priority: Normal
2026-09-29 01:10:44.225|DEBUG|InventoryKamera|Thread #15 priority: Normal
2026-09-29 01:10:44.694|DEBUG|GenshinProcesor|8 Engines restarted
2026-09-29 01:10:44.694|INFO|GenshinProcesor|Internally set traveler custom name to sunshine
2026-09-29 01:10:44.694|INFO|GenshinProcesor|Internally set wanderer custom name to zefiro
2026-09-29 01:10:44.694|INFO|GenshinProcesor|Internally set manekin custom name to bruce
2026-09-29 01:10:44.694|INFO|GenshinProcesor|Internally set manekina custom name to astra
2026-09-29 01:10:44.694|INFO|InventoryKamera|Scanning weapons...
2026-09-29 01:10:49.881|INFO|UserInterface|Parsed 273 weapons to scan
2026-09-29 01:10:49.881|INFO|WeaponScraper|Found 273 for weapon count.
2026-09-29 01:10:49.881|DEBUG|WeaponScraper|Sorting by quality to optimize scan time.
2026-09-29 01:10:49.899|DEBUG|WeaponScraper|Inventory is sorted by quality
2026-09-29 01:10:49.899|DEBUG|WeaponScraper|Scanning weapon page 0
2026-09-29 01:10:49.899|DEBUG|WeaponScraper|Located 40 possible item locations on page.
2026-09-29 01:10:57.285|DEBUG|WeaponScraper|Finished queuing page of weapons. Scrolling...
2026-09-29 01:10:59.948|DEBUG|WeaponScraper|Scanning weapon page 1
2026-09-29 01:10:59.948|DEBUG|WeaponScraper|Located 40 possible item locations on page.
2026-09-29 01:11:07.116|DEBUG|WeaponScraper|Finished queuing page of weapons. Scrolling...
2026-09-29 01:11:09.491|DEBUG|WeaponScraper|Scanning weapon page 2
2026-09-29 01:11:09.491|DEBUG|WeaponScraper|Located 40 possible item locations on page.
2026-09-29 01:11:16.412|DEBUG|WeaponScraper|Finished queuing page of weapons. Scrolling...
2026-09-29 01:11:18.675|DEBUG|WeaponScraper|Scanning weapon page 3
2026-09-29 01:11:18.675|DEBUG|WeaponScraper|Located 40 possible item locations on page.
2026-09-29 01:11:25.938|DEBUG|WeaponScraper|Finished queuing page of weapons. Scrolling...
2026-09-29 01:11:28.567|DEBUG|WeaponScraper|Scanning weapon page 4
2026-09-29 01:11:28.567|DEBUG|WeaponScraper|Located 40 possible item locations on page.
2026-09-29 01:11:35.853|DEBUG|WeaponScraper|Finished queuing page of weapons. Scrolling...
2026-09-29 01:11:38.140|DEBUG|WeaponScraper|Scanning weapon page 5
2026-09-29 01:11:38.140|DEBUG|WeaponScraper|Located 40 possible item locations on page.
2026-09-29 01:11:44.928|DEBUG|WeaponScraper|Finished queuing page of weapons. Scrolling...
2026-09-29 01:11:47.370|DEBUG|WeaponScraper|Scanning weapon page 6
2026-09-29 01:11:47.370|DEBUG|WeaponScraper|Located 40 possible item locations on page.
2026-09-29 01:11:53.526|INFO|WeaponScraper|Stopping weapon scan based on scans queued (273 of 273)
2026-09-29 01:11:55.541|INFO|InventoryKamera|Done scanning weapons
2026-09-29 01:11:55.541|INFO|InventoryKamera|Scanning artifacts...
2026-09-29 01:12:00.635|INFO|UserInterface|Parsed 1967 artifacts to scan
2026-09-29 01:12:00.635|INFO|ArtifactScraper|Found 1967 for artifact count.
2026-09-29 01:12:00.706|DEBUG|ArtifactScraper|Scanning artifact page 1
2026-09-29 01:12:00.706|DEBUG|ArtifactScraper|Located 32 possible item locations on page.
2026-09-29 01:12:01.212|DEBUG|ArtifactScraper|Parsing artifact substat: atk+35
2026-09-29 01:12:01.212|DEBUG|ArtifactScraper|Parsing artifact substat: atk+8.7%
2026-09-29 01:12:01.212|DEBUG|ArtifactScraper|Parsing artifact substat: critrate+8.9%
2026-09-29 01:12:01.212|DEBUG|ArtifactScraper|Parsing artifact substat: def+23
2026-09-29 01:12:01.369|DEBUG|ArtifactScraper|Parsing artifact substat: critdmg+28.8%
2026-09-29 01:12:01.369|DEBUG|ArtifactScraper|Parsing artifact substat: critrate+2.7%
2026-09-29 01:12:01.369|DEBUG|ArtifactScraper|Parsing artifact substat: atk+5.8%
2026-09-29 01:12:01.369|DEBUG|ArtifactScraper|Parsing artifact substat: def+46
2026-09-29 01:12:01.628|DEBUG|ArtifactScraper|Parsing artifact substat: energyrecharge+18.1%
2026-09-29 01:12:01.628|DEBUG|ArtifactScraper|Parsing artifact substat: def+16
2026-09-29 01:12:01.628|DEBUG|ArtifactScraper|Parsing artifact substat: def+14.6%
2026-09-29 01:12:01.628|DEBUG|ArtifactScraper|Parsing artifact substat: hp+657
2026-09-29 01:12:01.760|DEBUG|ArtifactScraper|Parsing artifact substat: hp+299
2026-09-29 01:12:01.760|DEBUG|ArtifactScraper|Parsing artifact substat: hp+4.7%
2026-09-29 01:12:01.760|DEBUG|ArtifactScraper|Parsing artifact substat: atk+45
2026-09-29 01:12:01.760|DEBUG|ArtifactScraper|Parsing artifact substat: def+19.0%
2026-09-29 01:12:01.966|DEBUG|ArtifactScraper|Parsing artifact substat: elementalmastery+19
2026-09-29 01:12:01.966|DEBUG|ArtifactScraper|Parsing artifact substat: critrate+10.9%
2026-09-29 01:12:01.966|DEBUG|ArtifactScraper|Parsing artifact substat: hp+5.3%
2026-09-29 01:12:01.966|DEBUG|ArtifactScraper|Parsing artifact substat: hp+777
2026-09-29 01:12:02.234|DEBUG|ArtifactScraper|Parsing artifact substat: atk+13.4%
2026-09-29 01:12:02.235|DEBUG|ArtifactScraper|Parsing artifact substat: def+49
2026-09-29 01:12:02.235|DEBUG|ArtifactScraper|Parsing artifact substat: critdmg+7.0%
2026-09-29 01:12:02.235|DEBUG|ArtifactScraper|Parsing artifact substat: energyrecharge+5.8%
2026-09-29 01:12:02.352|DEBUG|ArtifactScraper|Parsing artifact substat: critdmg+18.7%
2026-09-29 01:12:02.352|DEBUG|ArtifactScraper|Parsing artifact substat: hp+448
2026-09-29 01:12:02.352|DEBUG|ArtifactScraper|Parsing artifact substat: critrate+3.9%
2026-09-29 01:12:02.352|DEBUG|ArtifactScraper|Parsing artifact substat: atk+9.3%
2026-09-29 01:12:02.687|DEBUG|ArtifactScraper|Parsing artifact substat: def+10.9%
2026-09-29 01:12:02.687|DEBUG|ArtifactScraper|Parsing artifact substat: elementalmastery+23
2026-09-29 01:12:02.687|DEBUG|ArtifactScraper|Parsing artifact substat: hp+21.0%
2026-09-29 01:12:02.687|DEBUG|ArtifactScraper|Parsing artifact substat: def+39
2026-09-29 01:12:02.695|DEBUG|ArtifactScraper|Parsing artifact substat: atk+64
2026-09-29 01:12:02.695|DEBUG|ArtifactScraper|Parsing artifact substat: def+21
2026-09-29 01:12:02.695|DEBUG|ArtifactScraper|Parsing artifact substat: elementalmastery+44
2026-09-29 01:12:02.695|DEBUG|ArtifactScraper|Parsing artifact substat: hp+598
2026-09-29 01:12:03.068|DEBUG|ArtifactScraper|Parsing artifact substat: hp+777
2026-09-29 01:12:03.068|DEBUG|ArtifactScraper|Parsing artifact substat: critdmg+14.0%
2026-09-29 01:12:03.068|DEBUG|ArtifactScraper|Parsing artifact substat: atk+4.1%
2026-09-29 01:12:03.068|DEBUG|ArtifactScraper|Parsing artifact substat: def+13.1%
2026-09-29 01:12:03.177|DEBUG|ArtifactScraper|Parsing artifact substat: hp+11.7%
2026-09-29 01:12:03.177|DEBUG|ArtifactScraper|Parsing artifact substat: elementalmastery+35
2026-09-29 01:12:03.177|DEBUG|ArtifactScraper|Parsing artifact substat: def+13.1%
2026-09-29 01:12:03.177|DEBUG|ArtifactScraper|Parsing artifact substat: def+37
2026-09-29 01:12:03.458|DEBUG|ArtifactScraper|Parsing artifact substat: hp+9.9%
2026-09-29 01:12:03.458|DEBUG|ArtifactScraper|Parsing artifact substat: def+44
2026-09-29 01:12:03.458|DEBUG|ArtifactScraper|Parsing artifact substat: def+20.4%
2026-09-29 01:12:03.458|DEBUG|ArtifactScraper|Parsing artifact substat: elementalmastery+37
2026-09-29 01:12:03.575|DEBUG|ArtifactScraper|Parsing artifact substat: atk+5.3%
2026-09-29 01:12:03.575|DEBUG|ArtifactScraper|Parsing artifact substat: def+60
2026-09-29 01:12:03.575|DEBUG|ArtifactScraper|Parsing artifact substat: hp+14.0%
2026-09-29 01:12:03.575|DEBUG|ArtifactScraper|Parsing artifact substat: energyrecharge+5.2%
2026-09-29 01:12:03.624|DEBUG|ArtifactScraper|Parsing artifact substat: hp+4.1%
2026-09-29 01:12:03.624|DEBUG|ArtifactScraper|Parsing artifact substat: def+39
2026-09-29 01:12:03.624|DEBUG|ArtifactScraper|Parsing artifact substat: energyrecharge+16.8%
2026-09-29 01:12:03.624|DEBUG|ArtifactScraper|Parsing artifact substat: hp+508
2026-09-29 01:12:03.899|DEBUG|ArtifactScraper|Parsing artifact substat: def+37
2026-09-29 01:12:03.899|DEBUG|ArtifactScraper|Parsing artifact substat: hp+866
2026-09-29 01:12:03.899|DEBUG|ArtifactScraper|Parsing artifact substat: energyrecharge+5.2%
2026-09-29 01:12:03.899|DEBUG|ArtifactScraper|Parsing artifact substat: hp+9.9%
2026-09-29 01:12:04.007|DEBUG|ArtifactScraper|Parsing artifact substat: critrate+3.5%
2026-09-29 01:12:04.007|DEBUG|ArtifactScraper|Parsing artifact substat: atk+33
2026-09-29 01:12:04.007|DEBUG|ArtifactScraper|Parsing artifact substat: hp+8.7%
2026-09-29 01:12:04.007|DEBUG|ArtifactScraper|Parsing artifact substat: critdmg+20.2%
2026-09-29 01:12:04.358|DEBUG|ArtifactScraper|Parsing artifact substat: def+16
2026-09-29 01:12:04.358|DEBUG|ArtifactScraper|Parsing artifact substat: atk+15.7%
2026-09-29 01:12:04.358|DEBUG|ArtifactScraper|Parsing artifact substat: energyrecharge+13.0%
2026-09-29 01:12:04.358|DEBUG|ArtifactScraper|Parsing artifact substat: hp+9.9%
2026-09-29 01:12:04.391|DEBUG|ArtifactScraper|Parsing artifact substat: energyrecharge+10.4%
2026-09-29 01:12:04.391|DEBUG|ArtifactScraper|Parsing artifact substat: critdmg+10.9%
2026-09-29 01:12:04.391|DEBUG|ArtifactScraper|Parsing artifact substat: hp+926
2026-09-29 01:12:04.391|DEBUG|ArtifactScraper|Parsing artifact substat: elementalmastery+23
2026-09-29 01:12:04.474|DEBUG|ArtifactScraper|Parsing artifact substat: elementalmastery+37
2026-09-29 01:12:04.474|DEBUG|ArtifactScraper|Parsing artifact substat: atk+54
2026-09-29 01:12:04.474|DEBUG|ArtifactScraper|Parsing artifact substat: def+44
2026-09-29 01:12:04.474|DEBUG|ArtifactScraper|Parsing artifact substat: atk+11.7%
2026-09-29 01:12:04.748|DEBUG|ArtifactScraper|Parsing artifact substat: critrate+5.8%
2026-09-29 01:12:04.748|DEBUG|ArtifactScraper|Parsing artifact substat: atk+12.8%
2026-09-29 01:12:04.748|DEBUG|ArtifactScraper|Parsing artifact substat: atk+33
2026-09-29 01:12:04.748|DEBUG|ArtifactScraper|Parsing artifact substat: def+6.6%
2026-09-29 01:12:04.790|DEBUG|ArtifactScraper|Parsing artifact substat: elementalmastery+23
2026-09-29 01:12:04.790|DEBUG|ArtifactScraper|Parsing artifact substat: hp+19.8%
2026-09-29 01:12:04.790|DEBUG|ArtifactScraper|Parsing artifact substat: hp+598
2026-09-29 01:12:04.790|DEBUG|ArtifactScraper|Parsing artifact substat: atk+5.8%
2026-09-29 01:12:05.117|DEBUG|ArtifactScraper|Parsing artifact substat: hp+299
2026-09-29 01:12:05.117|DEBUG|ArtifactScraper|Parsing artifact substat: critrate+7.0%
2026-09-29 01:12:05.117|DEBUG|ArtifactScraper|Parsing artifact substat: atk+21.0%
2026-09-29 01:12:05.117|DEBUG|ArtifactScraper|Parsing artifact substat: def+23
2026-09-29 01:12:05.137|DEBUG|ArtifactScraper|Parsing artifact substat: energyrecharge+13.0%
2026-09-29 01:12:05.137|DEBUG|ArtifactScraper|Parsing artifact substat: atk+35
2026-09-29 01:12:05.137|DEBUG|ArtifactScraper|Parsing artifact substat: critdmg+14.0%
2026-09-29 01:12:05.137|DEBUG|ArtifactScraper|Parsing artifact substat: hp+9.9%
2026-09-29 01:12:05.427|DEBUG|ArtifactScraper|Parsing artifact substat: critdmg+7.8%
2026-09-29 01:12:05.427|DEBUG|ArtifactScraper|Parsing artifact substat: hp+16.9%
2026-09-29 01:12:05.427|DEBUG|ArtifactScraper|Parsing artifact substat: critrate+3.1%
2026-09-29 01:12:05.427|DEBUG|ArtifactScraper|Parsing artifact substat: atk+14.0%
2026-09-29 01:12:05.515|DEBUG|ArtifactScraper|Parsing artifact substat: elementalmastery+19
2026-09-29 01:12:05.516|DEBUG|ArtifactScraper|Parsing artifact substat: critrate+6.6%
2026-09-29 01:12:05.516|DEBUG|ArtifactScraper|Parsing artifact substat: atk+5.3%
2026-09-29 01:12:05.516|DEBUG|ArtifactScraper|Parsing artifact substat: def+27.0%
2026-09-29 01:12:05.828|DEBUG|ArtifactScraper|Parsing artifact substat: critrate+8.9%
2026-09-29 01:12:05.828|DEBUG|ArtifactScraper|Parsing artifact substat: def+5.8%
2026-09-29 01:12:05.828|DEBUG|ArtifactScraper|Parsing artifact substat: def+42
2026-09-29 01:12:05.828|DEBUG|ArtifactScraper|Parsing artifact substat: atk+35
2026-09-29 01:12:05.845|DEBUG|ArtifactScraper|Parsing artifact substat: hp+747
2026-09-29 01:12:05.845|DEBUG|ArtifactScraper|Parsing artifact substat: def+13.9%
2026-09-29 01:12:05.845|DEBUG|ArtifactScraper|Parsing artifact substat: critdmg+7.8%
2026-09-29 01:12:05.845|DEBUG|ArtifactScraper|Parsing artifact substat: elementalmastery+40
2026-09-29 01:12:05.955|DEBUG|ArtifactScraper|Parsing artifact substat: energyrecharge+14.2%
2026-09-29 01:12:05.955|DEBUG|ArtifactScraper|Parsing artifact substat: atk+10.5%
2026-09-29 01:12:05.955|DEBUG|ArtifactScraper|Parsing artifact substat: atk+18
2026-09-29 01:12:05.955|DEBUG|ArtifactScraper|Parsing artifact substat: def+46
2026-09-29 01:12:06.219|DEBUG|ArtifactScraper|Parsing artifact substat: critdmg+5.4%
2026-09-29 01:12:06.219|DEBUG|ArtifactScraper|Parsing artifact substat: atk+51
2026-09-29 01:12:06.219|DEBUG|ArtifactScraper|Parsing artifact substat: def+58
2026-09-29 01:12:06.219|DEBUG|ArtifactScraper|Parsing artifact substat: energyrecharge+10.4%
2026-09-29 01:12:06.239|DEBUG|ArtifactScraper|Finished queuing page of artifacts. Scrolling...
2026-09-29 01:12:06.257|DEBUG|ArtifactScraper|Parsing artifact substat: critdmg+27.2%
2026-09-29 01:12:06.257|DEBUG|ArtifactScraper|Parsing artifact substat: elementalmastery+23
2026-09-29 01:12:06.257|DEBUG|ArtifactScraper|Parsing artifact substat: critrate+7.4%
2026-09-29 01:12:06.257|DEBUG|ArtifactScraper|Parsing artifact substat: def+5.8%
2026-09-29 01:12:06.581|DEBUG|ArtifactScraper|Parsing artifact substat: atk+14
2026-09-29 01:12:06.581|DEBUG|ArtifactScraper|Parsing artifact substat: atk+5.3%
2026-09-29 01:12:06.581|DEBUG|ArtifactScraper|Parsing artifact substat: hp+687
2026-09-29 01:12:06.581|DEBUG|ArtifactScraper|Parsing artifact substat: critrate+8.6%
2026-09-29 01:12:06.617|DEBUG|ArtifactScraper|Parsing artifact substat: elementalmastery+21
2026-09-29 01:12:06.617|DEBUG|ArtifactScraper|Parsing artifact substat: atk+58
2026-09-29 01:12:06.617|DEBUG|ArtifactScraper|Parsing artifact substat: energyrecharge+11.7%
2026-09-29 01:12:06.617|DEBUG|ArtifactScraper|Parsing artifact substat: def+5.8%
2026-09-29 01:12:08.426|DEBUG|ArtifactScraper|Scanning artifact page 2
2026-09-29 01:12:08.426|DEBUG|ArtifactScraper|Located 32 possible item locations on page.
2026-09-29 01:12:08.870|DEBUG|ArtifactScraper|Parsing artifact substat: def+46
2026-09-29 01:12:08.870|DEBUG|ArtifactScraper|Parsing artifact substat: atk+5.3%
2026-09-29 01:12:08.870|DEBUG|ArtifactScraper|Parsing artifact substat: critdmg+28.8%
2026-09-29 01:12:08.870|DEBUG|ArtifactScraper|Parsing artifact substat: hp+299
2026-09-29 01:12:09.188|DEBUG|ArtifactScraper|Parsing artifact substat: critrate+2.7%
2026-09-29 01:12:09.188|DEBUG|ArtifactScraper|Parsing artifact substat: energyrecharge+6.5%
2026-09-29 01:12:09.188|DEBUG|ArtifactScraper|Parsing artifact substat: critdmg+20.2%
2026-09-29 01:12:09.188|DEBUG|ArtifactScraper|Parsing artifact substat: atk+16.9%
2026-09-29 01:12:09.253|DEBUG|ArtifactScraper|Parsing artifact substat: def+32
2026-09-29 01:12:09.253|DEBUG|ArtifactScraper|Parsing artifact substat: energyrecharge+17.5%
2026-09-29 01:12:09.253|DEBUG|ArtifactScraper|Parsing artifact substat: critrate+6.6%
2026-09-29 01:12:09.253|DEBUG|ArtifactScraper|Parsing artifact substat: atk+18
2026-09-29 01:12:09.554|DEBUG|ArtifactScraper|Parsing artifact substat: atk+4.1%
2026-09-29 01:12:09.554|DEBUG|ArtifactScraper|Parsing artifact substat: hp+10.5%
2026-09-29 01:12:09.554|DEBUG|ArtifactScraper|Parsing artifact substat: atk+54
2026-09-29 01:12:09.554|DEBUG|ArtifactScraper|Parsing artifact substat: elementalmastery+42
2026-09-29 01:12:09.554|DEBUG|ArtifactScraper|Parsing artifact substat: critdmg+12.4%
2026-09-29 01:12:09.554|DEBUG|ArtifactScraper|Parsing artifact substat: critrate+12.4%
2026-09-29 01:12:09.554|DEBUG|ArtifactScraper|Parsing artifact substat: def+11.7%
2026-09-29 01:12:09.554|DEBUG|ArtifactScraper|Parsing artifact substat: hp+269
2026-09-29 01:12:09.855|DEBUG|ArtifactScraper|Parsing artifact substat: energyrecharge+4.5%
2026-09-29 01:12:09.855|DEBUG|ArtifactScraper|Parsing artifact substat: def+28.4%
2026-09-29 01:12:09.855|DEBUG|ArtifactScraper|Parsing artifact substat: hp+239
2026-09-29 01:12:09.855|DEBUG|ArtifactScraper|Parsing artifact substat: atk+4.7%
2026-09-29 01:12:09.902|DEBUG|ArtifactScraper|Parsing artifact substat: critdmg+17.1%
2026-09-29 01:12:09.902|DEBUG|ArtifactScraper|Parsing artifact substat: def+19.0%
2026-09-29 01:12:09.902|DEBUG|ArtifactScraper|Parsing artifact substat: hp+209
2026-09-29 01:12:09.902|DEBUG|ArtifactScraper|Parsing artifact substat: hp+8.7%
2026-09-29 01:12:10.168|DEBUG|ArtifactScraper|Parsing artifact substat: def+21
2026-09-29 01:12:10.168|DEBUG|ArtifactScraper|Parsing artifact substat: atk+16.3%
2026-09-29 01:12:10.168|DEBUG|ArtifactScraper|Parsing artifact substat: atk+33
2026-09-29 01:12:10.168|DEBUG|ArtifactScraper|Parsing artifact substat: hp+10.5%
2026-09-29 01:12:10.264|DEBUG|ArtifactScraper|Parsing artifact substat: def+58
2026-09-29 01:12:10.264|DEBUG|ArtifactScraper|Parsing artifact substat: atk+9.9%
2026-09-29 01:12:10.264|DEBUG|ArtifactScraper|Parsing artifact substat: hp+747
2026-09-29 01:12:10.264|DEBUG|ArtifactScraper|Parsing artifact substat: elementalmastery+23
2026-09-29 01:12:10.495|DEBUG|ArtifactScraper|Parsing artifact substat: critrate+10.1%
2026-09-29 01:12:10.495|DEBUG|ArtifactScraper|Parsing artifact substat: def+42
2026-09-29 01:12:10.495|DEBUG|ArtifactScraper|Parsing artifact substat: energyrecharge+11.0%
2026-09-29 01:12:10.495|DEBUG|ArtifactScraper|Parsing artifact substat: hp+4.7%
2026-09-29 01:12:10.690|DEBUG|ArtifactScraper|Parsing artifact substat: atk+53
2026-09-29 01:12:10.690|DEBUG|ArtifactScraper|Parsing artifact substat: elementalmastery+40
2026-09-29 01:12:10.690|DEBUG|ArtifactScraper|Parsing artifact substat: def+11.7%
2026-09-29 01:12:10.690|DEBUG|ArtifactScraper|Parsing artifact substat: energyrecharge+5.2%
2026-09-29 01:12:10.827|DEBUG|ArtifactScraper|Parsing artifact substat: atk+13.4%
